Microchip MPLAB XC8 Compiler V1.12 ()

Linker command line:

--edf=D:\Program Files\Microchip\xc8\v1.12\dat\en_msgs.txt -cs \
  -h+dist/default/production\WiFiMobileRobot.X.production.sym -z -Q16F887 \
  -ol.obj -Mdist/default/production/WiFiMobileRobot.X.production.map -E1 \
  -ver=XC8 -ACONST=00h-0FFhx32 -ACODE=00h-07FFhx4 -ASTRCODE=00h-01FFFh \
  -AENTRY=00h-0FFhx32 -ASTRING=00h-0FFhx32 -ACOMMON=070h-07Fh \
  -ABANK0=020h-06Fh -ABANK1=0A0h-0EFh -ABANK2=0110h-016Fh \
  -ABANK3=0190h-01EFh -ARAM=020h-06Fh,0A0h-0EFh,0110h-016Fh,0190h-01EFh \
  -AABS1=020h-07Fh,0A0h-0EFh,0110h-016Fh,0190h-01EFh -ASFR0=00h-01Fh \
  -ASFR1=080h-09Fh -ASFR2=0100h-010Fh -ASFR3=0180h-018Fh \
  -preset_vec=00h,intentry,init,end_init -ppowerup=CODE -pfunctab=CODE \
  -ACONFIG=02007h-02008h -pconfig=CONFIG -DCONFIG=2 -AIDLOC=02000h-02003h \
  -pidloc=IDLOC -DIDLOC=2 -AEEDATA=00h-0FFh/02100h -peeprom_data=EEDATA \
  -DEEDATA=2 -DCODE=2 -DSTRCODE=2 -DSTRING=2 -DCONST=2 -DENTRY=2 -k \
  C:\Users\Idris\AppData\Local\Temp\s52k.obj \
  dist/default/production\WiFiMobileRobot.X.production.obj 

Object code version is 3.10

Machine type is 16F887



                Name                               Link     Load   Length Selector   Space Scale
C:\Users\Idris\AppData\Local\Temp\s52k.obj
                end_init                              0        0        3        0       0
                config                             2007     2007        1     400E       0
dist/default/production\WiFiMobileRobot.X.production.obj
                text465                             F85      F85       7B     1F0A       0
                text464                             D23      D23       38     1A46       0
                text463                             1F0      1F0       A5      3E0       0
                text462                             F11      F11       74     1E22       0
                text461                             295      295       A6      52A       0
                text460                             33B      33B       C8      676       0
                text459                             4F9      4F9      145      9F2       0
                text458                             D5B      D5B       43     1AB6       0
                text457                             D9E      D9E       4D     1B3C       0
                text456                             CF9      CF9       2A     19F2       0
                text455                             CC7      CC7       18     198E       0
                text454                             E3B      E3B       6B     1C76       0
                text453                             EA6      EA6       6B     1D4C       0
                text452                             14E      14E       A2      29C       0
                text451                             DEB      DEB       50     1BD6       0
                text450                             CDF      CDF       1A     19BE       0
                text449                             CA9      CA9        C     1952       0
                text448                              B3       B3       9B      166       0
                text447                             CB5      CB5       12     196A       0
                text446                              92       92       21      124       0
                text445                             403      403       F6      806       0
                maintext                            63E      63E      1C2      C7C       0
                cstackBANK0                          20       20       38       20       1
                cstackCOMMON                         70       70        E       70       1
                cinit                               CA5      CA5        4     194A       0
                strings                               3        3       8E        6       0

TOTAL           Name                               Link     Load   Length     Space
        CLASS   CONST          

        CLASS   CODE           
                end_init                              0        0        3         0
                text465                             F85      F85       7B         0
                text464                             D23      D23       38         0
                text463                             1F0      1F0       A5         0
                text462                             F11      F11       74         0
                text461                             295      295       A6         0
                text460                             33B      33B       C8         0
                text459                             4F9      4F9      145         0
                text458                             D5B      D5B       43         0
                text457                             D9E      D9E       4D         0
                text456                             CF9      CF9       2A         0
                text455                             CC7      CC7       18         0
                text454                             E3B      E3B       6B         0
                text453                             EA6      EA6       6B         0
                text452                             14E      14E       A2         0
                text451                             DEB      DEB       50         0
                text450                             CDF      CDF       1A         0
                text449                             CA9      CA9        C         0
                text448                              B3       B3       9B         0
                text447                             CB5      CB5       12         0
                text446                              92       92       21         0
                text445                             403      403       F6         0
                maintext                            63E      63E      1C2         0
                cinit                               CA5      CA5        4         0

        CLASS   STRCODE        

        CLASS   ENTRY          

        CLASS   STRING         
                strings                               3        3       8E         0

        CLASS   COMMON         
                cstackCOMMON                         70       70        E         1

        CLASS   BANK0          
                cstackBANK0                          20       20       38         1

        CLASS   BANK1          

        CLASS   BANK2          

        CLASS   BANK3          

        CLASS   RAM            

        CLASS   ABS1           
                abs_s1                               7E       7E        2         1

        CLASS   SFR0           

        CLASS   SFR1           

        CLASS   SFR2           

        CLASS   SFR3           

        CLASS   CONFIG         
                config                             2007     2007        1         0

        CLASS   IDLOC          

        CLASS   EEDATA         



SEGMENTS        Name                           Load    Length   Top    Selector   Space  Class     Delta

                reset_vec                      000000  000003  000003         0       0  CODE        2
                strings                        000003  00008E  000091         6       0  STRING      2
                cstackBANK0                    000020  000038  000058        20       1  BANK0       1
                cstackCOMMON                   000070  00000E  00007E        70       1  COMMON      1
                text446                        000092  000021  0000B3       124       0  CODE        2
                text448                        0000B3  00009B  00014E       166       0  CODE        2
                text452                        00014E  0000A2  0001F0       29C       0  CODE        2
                text463                        0001F0  0000A5  000295       3E0       0  CODE        2
                text461                        000295  0000A6  00033B       52A       0  CODE        2
                text460                        00033B  0000C8  000403       676       0  CODE        2
                text445                        000403  0000F6  0004F9       806       0  CODE        2
                text459                        0004F9  000145  00063E       9F2       0  CODE        2
                maintext                       00063E  0001C2  000800       C7C       0  CODE        2
                cinit                          000CA5  000004  000CA9      194A       0  CODE        2
                text449                        000CA9  00000C  000CB5      1952       0  CODE        2
                text447                        000CB5  000012  000CC7      196A       0  CODE        2
                text455                        000CC7  000018  000CDF      198E       0  CODE        2
                text450                        000CDF  00001A  000CF9      19BE       0  CODE        2
                text456                        000CF9  00002A  000D23      19F2       0  CODE        2
                text464                        000D23  000038  000D5B      1A46       0  CODE        2
                text458                        000D5B  000043  000D9E      1AB6       0  CODE        2
                text457                        000D9E  00004D  000DEB      1B3C       0  CODE        2
                text451                        000DEB  000050  000E3B      1BD6       0  CODE        2
                text454                        000E3B  00006B  000EA6      1C76       0  CODE        2
                text453                        000EA6  00006B  000F11      1D4C       0  CODE        2
                text462                        000F11  000074  000F85      1E22       0  CODE        2
                text465                        000F85  00007B  001000      1F0A       0  CODE        2
                config                         002007  000001  002008      400E       0  CONFIG      2


UNUSED ADDRESS RANGES

        Name                Unused          Largest block    Delta
        BANK0            0058-006F             18           1
        BANK1            00A0-00EF             50           1
        BANK2            0110-016F             60           1
        BANK3            0190-01EF             60           1
        CODE             0091-0091              1           2
                         0800-0CA4            4A5
                         1000-1FFF            800
        CONFIG           2008-2008              1           2
        CONST            0091-0091              1           2
                         0800-0CA4            100
                         1000-1FFF            100
        EEDATA           2100-21FF            100           2
        ENTRY            0091-0091              1           2
                         0800-0CA4            100
                         1000-1FFF            100
        IDLOC            2000-2003              4           2
        RAM              0058-006F             18           1
                         00A0-00EF             50
                         0110-016F             60
                         0190-01EF             60
        SFR0             0000-001F             20           1
        SFR1             0080-009F             20           1
        SFR2             0100-010F             10           1
        SFR3             0180-018F             10           1
        STRCODE          0091-0091              1           2
                         0800-0CA4            4A5
                         1000-1FFF           1000
        STRING           0091-0091              1           2
                         0800-0CA4            100
                         1000-1FFF            100

                                  Symbol Table

?___aldiv                 cstackCOMMON 0070
?___awdiv                 cstackCOMMON 0076
?___bmul                  cstackCOMMON 0070
?___ftadd                 cstackBANK0  003E
?___ftdiv                 cstackBANK0  002E
?___ftpack                cstackCOMMON 0070
?___fttol                 cstackCOMMON 0078
?___lltoft                cstackBANK0  002A
?___lwdiv                 cstackCOMMON 0070
?___lwmod                 cstackCOMMON 0070
?___wmul                  cstackCOMMON 0070
?_beep                    cstackCOMMON 0070
?_motor                   cstackBANK0  002A
?_setPwmRC1               cstackBANK0  0026
?_setPwmRC2               cstackBANK0  0026
?_uartInit                cstackBANK0  004B
?_uartNumber              cstackCOMMON 0078
_ANSEL                    (abs)        0188
_ANSELH                   (abs)        0189
_BRGH                     (abs)        04C2
_CCP1CON                  (abs)        0017
_CCP2CON                  (abs)        001D
_CCPR1L                   (abs)        0015
_CCPR2L                   (abs)        001B
_CREN                     (abs)        00C4
_IRCF0                    (abs)        047C
_IRCF1                    (abs)        047D
_IRCF2                    (abs)        047E
_OERR                     (abs)        00C1
_PORTA                    (abs)        0005
_PORTB                    (abs)        0006
_PORTC                    (abs)        0007
_PORTD                    (abs)        0008
_PORTE                    (abs)        0009
_PR2                      (abs)        0092
_RB0                      (abs)        0030
_RB1                      (abs)        0031
_RB2                      (abs)        0032
_RB3                      (abs)        0033
_RB4                      (abs)        0034
_RB5                      (abs)        0035
_RB7                      (abs)        0037
_RCIF                     (abs)        0065
_RCREG                    (abs)        001A
_RX9                      (abs)        00C6
_SPBRG                    (abs)        0099
_SPEN                     (abs)        00C7
_T2CON                    (abs)        0012
_TRISA                    (abs)        0085
_TRISB                    (abs)        0086
_TRISC                    (abs)        0087
_TRISD                    (abs)        0088
_TRISE                    (abs)        0089
_TX9                      (abs)        04C6
_TXEN                     (abs)        04C5
_TXIF                     (abs)        0064
_TXREG                    (abs)        0019
__CFG_BOREN$OFF           (abs)        0000
__CFG_CP$OFF              (abs)        0000
__CFG_CPD$OFF             (abs)        0000
__CFG_FCMEN$OFF           (abs)        0000
__CFG_FOSC$INTRC_NOCLKOUT (abs)        0000
__CFG_IESO$OFF            (abs)        0000
__CFG_LVP$OFF             (abs)        0000
__CFG_MCLRE$ON            (abs)        0000
__CFG_PWRTE$ON            (abs)        0000
__CFG_WDTE$OFF            (abs)        0000
__Habs1                   abs1         0000
__Hbank0                  bank0        0000
__Hbank1                  bank1        0000
__Hbank2                  bank2        0000
__Hbank3                  bank3        0000
__Hcinit                  cinit        0000
__Hclrtext                clrtext      0000
__Hcode                   code         0000
__Hcommon                 common       0000
__Hconfig                 config       2008
__HcstackBANK0            cstackBANK0  0000
__HcstackCOMMON           cstackCOMMON 0000
__Heeprom_data            eeprom_data  0000
__Hend_init               end_init     0003
__Hfunctab                functab      0000
__Hidloc                  idloc        0000
__Hinit                   init         0000
__Hintentry               intentry     0000
__Hmaintext               maintext     0000
__Hpowerup                powerup      0000
__Hram                    ram          0000
__Hreset_vec              reset_vec    0000
__Hsfr0                   sfr0         0000
__Hsfr1                   sfr1         0000
__Hsfr2                   sfr2         0000
__Hsfr3                   sfr3         0000
__Hstrings                strings      0000
__Htext                   text         0000
__Labs1                   abs1         0000
__Lbank0                  bank0        0000
__Lbank1                  bank1        0000
__Lbank2                  bank2        0000
__Lbank3                  bank3        0000
__Lcinit                  cinit        0000
__Lclrtext                clrtext      0000
__Lcode                   code         0000
__Lcommon                 common       0000
__Lconfig                 config       2007
__LcstackBANK0            cstackBANK0  0000
__LcstackCOMMON           cstackCOMMON 0000
__Leeprom_data            eeprom_data  0000
__Lend_init               end_init     0000
__Lfunctab                functab      0000
__Lidloc                  idloc        0000
__Linit                   init         0000
__Lintentry               intentry     0000
__Lmaintext               maintext     0000
__Lpowerup                powerup      0000
__Lram                    ram          0000
__Lreset_vec              reset_vec    0000
__Lsfr0                   sfr0         0000
__Lsfr1                   sfr1         0000
__Lsfr2                   sfr2         0000
__Lsfr3                   sfr3         0000
__Lstrings                strings      0000
__Ltext                   text         0000
__S0                      (abs)        2008
__S1                      (abs)        007E
__S2                      (abs)        0000
___aldiv                  text463      01F0
___aldiv@counter          cstackBANK0  0020
___aldiv@dividend         cstackCOMMON 0074
___aldiv@divisor          cstackCOMMON 0070
___aldiv@quotient         cstackBANK0  0022
___aldiv@sign             cstackBANK0  0021
___awdiv                  text462      0F11
___awdiv@counter          cstackBANK0  0020
___awdiv@dividend         cstackCOMMON 0078
___awdiv@divisor          cstackCOMMON 0076
___awdiv@quotient         cstackBANK0  0022
___awdiv@sign             cstackBANK0  0021
___bmul                   text455      0CC7
___bmul@multiplicand      cstackCOMMON 0070
___bmul@multiplier        cstackCOMMON 0073
___bmul@product           cstackCOMMON 0072
___ftadd                  text459      04F9
___ftadd@exp1             cstackBANK0  004A
___ftadd@exp2             cstackBANK0  0049
___ftadd@f1               cstackBANK0  003E
___ftadd@f2               cstackBANK0  0041
___ftadd@sign             cstackBANK0  0048
___ftdiv                  text460      033B
___ftdiv@cntr             cstackBANK0  0038
___ftdiv@exp              cstackBANK0  003C
___ftdiv@f1               cstackBANK0  0031
___ftdiv@f2               cstackBANK0  002E
___ftdiv@f3               cstackBANK0  0039
___ftdiv@sign             cstackBANK0  003D
___ftpack                 text465      0F85
___ftpack@arg             cstackCOMMON 0070
___ftpack@exp             cstackCOMMON 0073
___ftpack@sign            cstackCOMMON 0074
___fttol                  text461      0295
___fttol@exp1             cstackBANK0  0029
___fttol@f1               cstackCOMMON 0078
___fttol@lval             cstackBANK0  0025
___fttol@sign1            cstackBANK0  0024
___lltoft                 text464      0D23
___lltoft@c               cstackBANK0  002A
___lltoft@exp             cstackCOMMON 007D
___lwdiv                  text457      0D9E
___lwdiv@counter          cstackCOMMON 0077
___lwdiv@dividend         cstackCOMMON 0072
___lwdiv@divisor          cstackCOMMON 0070
___lwdiv@quotient         cstackCOMMON 0075
___lwmod                  text458      0D5B
___lwmod@counter          cstackCOMMON 0075
___lwmod@dividend         cstackCOMMON 0072
___lwmod@divisor          cstackCOMMON 0070
___wmul                   text456      0CF9
___wmul@multiplicand      cstackCOMMON 0072
___wmul@multiplier        cstackCOMMON 0070
___wmul@product           cstackCOMMON 0074
__end_of___aldiv          text463      0295
__end_of___awdiv          text462      0F85
__end_of___bmul           text455      0CDF
__end_of___ftadd          text459      063E
__end_of___ftdiv          text460      0403
__end_of___ftpack         text465      1000
__end_of___fttol          text461      033B
__end_of___lltoft         text464      0D5B
__end_of___lwdiv          text457      0DEB
__end_of___lwmod          text458      0D9E
__end_of___wmul           text456      0D23
__end_of__initialization  cinit        0CA5
__end_of__stringdata      strings      0091
__end_of__stringtab       strings      0009
__end_of_beep             text451      0E3B
__end_of_main             maintext     0800
__end_of_motor            text452      01F0
__end_of_picInit          text450      0CF9
__end_of_setPwmRC1        text453      0F11
__end_of_setPwmRC2        text454      0EA6
__end_of_uartInit         text445      04F9
__end_of_uartNumber       text448      014E
__end_of_uartPutstr       text446      00B3
__end_of_uartReceive      text447      0CC7
__end_of_uartTransmit     text449      0CB5
__initialization          cinit        0CA5
__pcstackBANK0            cstackBANK0  0020
__pcstackCOMMON           cstackCOMMON 0070
__pmaintext               maintext     063E
__pstrings                strings      0003
__ptext445                text445      0403
__ptext446                text446      0092
__ptext447                text447      0CB5
__ptext448                text448      00B3
__ptext449                text449      0CA9
__ptext450                text450      0CDF
__ptext451                text451      0DEB
__ptext452                text452      014E
__ptext453                text453      0EA6
__ptext454                text454      0E3B
__ptext455                text455      0CC7
__ptext456                text456      0CF9
__ptext457                text457      0D9E
__ptext458                text458      0D5B
__ptext459                text459      04F9
__ptext460                text460      033B
__ptext461                text461      0295
__ptext462                text462      0F11
__ptext463                text463      01F0
__ptext464                text464      0D23
__ptext465                text465      0F85
__ptext466                text466      0000
__size_of___aldiv         (abs)        0000
__size_of___awdiv         (abs)        0000
__size_of___bmul          (abs)        0000
__size_of___ftadd         (abs)        0000
__size_of___ftdiv         (abs)        0000
__size_of___ftpack        (abs)        0000
__size_of___fttol         (abs)        0000
__size_of___lltoft        (abs)        0000
__size_of___lwdiv         (abs)        0000
__size_of___lwmod         (abs)        0000
__size_of___wmul          (abs)        0000
__size_of_beep            (abs)        0000
__size_of_main            (abs)        0000
__size_of_motor           (abs)        0000
__size_of_picInit         (abs)        0000
__size_of_setPwmRC1       (abs)        0000
__size_of_setPwmRC2       (abs)        0000
__size_of_uartInit        (abs)        0000
__size_of_uartNumber      (abs)        0000
__size_of_uartPutstr      (abs)        0000
__size_of_uartReceive     (abs)        0000
__size_of_uartTransmit    (abs)        0000
__stringdata              strings      0009
__stringtab               strings      0003
_beep                     text451      0DEB
_main                     maintext     063E
_motor                    text452      014E
_picInit                  text450      0CDF
_setPwmRC1                text453      0EA6
_setPwmRC2                text454      0E3B
_uartInit                 text445      0403
_uartInit$550             cstackBANK0  004F
_uartNumber               text448      00B3
_uartPutstr               text446      0092
_uartReceive              text447      0CB5
_uartTransmit             text449      0CA9
beep@delayMs              cstackCOMMON 0070
beep@loop                 cstackCOMMON 0075
beep@times                cstackCOMMON 0074
btemp                     (abs)        007E
end_of_initialization     cinit        0CA5
intlevel0                 functab      0000
intlevel1                 functab      0000
intlevel2                 functab      0000
intlevel3                 functab      0000
intlevel4                 functab      0000
intlevel5                 functab      0000
main@dataRx               cstackBANK0  0057
main@sw2press             cstackBANK0  0056
motor@maxSpeed            cstackBANK0  002D
motor@speed               cstackBANK0  002F
motor@speedLM             cstackBANK0  002E
motor@speedRM             cstackBANK0  002A
reset_vec                 reset_vec    0000
setPwmRC1@a               cstackCOMMON 007C
setPwmRC1@duty            cstackBANK0  0028
setPwmRC1@freq            cstackBANK0  0026
setPwmRC2@a               cstackCOMMON 007C
setPwmRC2@duty            cstackBANK0  0028
setPwmRC2@freq            cstackBANK0  0026
start                     init         0000
start_initialization      cinit        0CA5
uartInit@baudrate         cstackBANK0  004B
uartNumber@base           cstackCOMMON 007A
uartNumber@di             cstackBANK0  0023
uartNumber@digit          cstackCOMMON 007B
uartNumber@i              cstackBANK0  002D
uartNumber@j              cstackBANK0  002E
uartNumber@no             cstackCOMMON 0078
uartPutstr@s              cstackCOMMON 0072
uartTransmit@dataTx       cstackCOMMON 0070
wtemp0                    (abs)        007E


FUNCTION INFORMATION:

 *************** function _main *****************
 Defined at:
		line 37 in file "main.c"
 Parameters:    Size  Location     Type
		None
 Auto vars:     Size  Location     Type
  dataRx          1   55[BANK0 ] unsigned char 
  sw2press        1   54[BANK0 ] unsigned char 
 Return value:  Size  Location     Type
		None               void
 Registers used:
		wreg, fsr0l, fsr0h, status,2, status,0, pclath, cstack
 Tracked objects:
		On entry : 
		On exit  : 
		Unchanged: 
 Data sizes:     COMMON   BANK0   BANK1   BANK3   BANK2
      Params:         0       0       0       0       0
      Locals:         0       2       0       0       0
      Temps:          0       4       0       0       0
      Totals:         0       6       0       0       0
Total ram usage:        6 bytes
 Hardware stack levels required when called:    3
 This function calls:
		_picInit
		_uartInit
		_beep
		_uartPutstr
		_motor
		_uartReceive
		_uartNumber
 This function is called by:
		Startup code after reset
 This function uses a non-reentrant model


 *************** function _uartInit *****************
 Defined at:
		line 17 in file "uart.h"
 Parameters:    Size  Location     Type
  baudrate        4   43[BANK0 ] unsigned long 
 Auto vars:     Size  Location     Type
		None
 Return value:  Size  Location     Type
		None               void
 Registers used:
		wreg, status,2, status,0, pclath, cstack
 Tracked objects:
		On entry : 
		On exit  : 
		Unchanged: 
 Data sizes:     COMMON   BANK0   BANK1   BANK3   BANK2
      Params:         0       4       0       0       0
      Locals:         0       3       0       0       0
      Temps:          0       0       0       0       0
      Totals:         0       7       0       0       0
Total ram usage:        7 bytes
 Hardware stack levels used:    1
 Hardware stack levels required when called:    2
 This function calls:
		___lltoft
		___ftdiv
		___ftadd
		___fttol
 This function is called by:
		_main
 This function uses a non-reentrant model


 *************** function _uartPutstr *****************
 Defined at:
		line 43 in file "uart.h"
 Parameters:    Size  Location     Type
  s               1    wreg     PTR const unsigned char 
		 -> STR_12(23), STR_11(13), STR_10(7), STR_9(15), 
		 -> STR_8(14), STR_7(10), STR_6(10), STR_5(12), 
		 -> STR_4(19), STR_3(18), STR_2(14), STR_1(20), 
 Auto vars:     Size  Location     Type
  s               1    2[COMMON] PTR const unsigned char 
		 -> STR_12(23), STR_11(13), STR_10(7), STR_9(15), 
		 -> STR_8(14), STR_7(10), STR_6(10), STR_5(12), 
		 -> STR_4(19), STR_3(18), STR_2(14), STR_1(20), 
 Return value:  Size  Location     Type
		None               void
 Registers used:
		wreg, fsr0l, fsr0h, status,2, status,0, pclath, cstack
 Tracked objects:
		On entry : 
		On exit  : 
		Unchanged: 
 Data sizes:     COMMON   BANK0   BANK1   BANK3   BANK2
      Params:         0       0       0       0       0
      Locals:         1       0       0       0       0
      Temps:          1       0       0       0       0
      Totals:         2       0       0       0       0
Total ram usage:        2 bytes
 Hardware stack levels used:    1
 Hardware stack levels required when called:    1
 This function calls:
		_uartTransmit
 This function is called by:
		_main
 This function uses a non-reentrant model


 *************** function _uartReceive *****************
 Defined at:
		line 48 in file "uart.h"
 Parameters:    Size  Location     Type
		None
 Auto vars:     Size  Location     Type
		None
 Return value:  Size  Location     Type
                  1    wreg      unsigned char 
 Registers used:
		wreg
 Tracked objects:
		On entry : 
		On exit  : 
		Unchanged: 
 Data sizes:     COMMON   BANK0   BANK1   BANK3   BANK2
      Params:         0       0       0       0       0
      Locals:         0       0       0       0       0
      Temps:          0       0       0       0       0
      Totals:         0       0       0       0       0
Total ram usage:        0 bytes
 Hardware stack levels used:    1
 This function calls:
		Nothing
 This function is called by:
		_main
 This function uses a non-reentrant model


 *************** function _uartNumber *****************
 Defined at:
		line 55 in file "uart.h"
 Parameters:    Size  Location     Type
  no              2    8[COMMON] unsigned int 
  base            1   10[COMMON] unsigned char 
  digit           1   11[COMMON] unsigned char 
 Auto vars:     Size  Location     Type
  di             10    3[BANK0 ] unsigned char [10]
  j               1   14[BANK0 ] unsigned char 
  i               1   13[BANK0 ] unsigned char 
 Return value:  Size  Location     Type
		None               void
 Registers used:
		wreg, fsr0l, fsr0h, status,2, status,0, pclath, cstack
 Tracked objects:
		On entry : 
		On exit  : 
		Unchanged: 
 Data sizes:     COMMON   BANK0   BANK1   BANK3   BANK2
      Params:         4       0       0       0       0
      Locals:         0      12       0       0       0
      Temps:          0       3       0       0       0
      Totals:         4      15       0       0       0
Total ram usage:       19 bytes
 Hardware stack levels used:    1
 Hardware stack levels required when called:    1
 This function calls:
		___lwmod
		___lwdiv
		_uartTransmit
 This function is called by:
		_main
 This function uses a non-reentrant model


 *************** function _uartTransmit *****************
 Defined at:
		line 37 in file "uart.h"
 Parameters:    Size  Location     Type
  dataTx          1    wreg     unsigned char 
 Auto vars:     Size  Location     Type
  dataTx          1    0[COMMON] unsigned char 
 Return value:  Size  Location     Type
		None               void
 Registers used:
		wreg
 Tracked objects:
		On entry : 
		On exit  : 
		Unchanged: 
 Data sizes:     COMMON   BANK0   BANK1   BANK3   BANK2
      Params:         0       0       0       0       0
      Locals:         1       0       0       0       0
      Temps:          0       0       0       0       0
      Totals:         1       0       0       0       0
Total ram usage:        1 bytes
 Hardware stack levels used:    1
 This function calls:
		Nothing
 This function is called by:
		_uartPutstr
		_uartNumber
 This function uses a non-reentrant model


 *************** function _picInit *****************
 Defined at:
		line 100 in file "main.c"
 Parameters:    Size  Location     Type
		None
 Auto vars:     Size  Location     Type
		None
 Return value:  Size  Location     Type
		None               void
 Registers used:
		wreg, status,2
 Tracked objects:
		On entry : 
		On exit  : 
		Unchanged: 
 Data sizes:     COMMON   BANK0   BANK1   BANK3   BANK2
      Params:         0       0       0       0       0
      Locals:         0       0       0       0       0
      Temps:          0       0       0       0       0
      Totals:         0       0       0       0       0
Total ram usage:        0 bytes
 Hardware stack levels used:    1
 This function calls:
		Nothing
 This function is called by:
		_main
 This function uses a non-reentrant model


 *************** function _beep *****************
 Defined at:
		line 122 in file "main.c"
 Parameters:    Size  Location     Type
  times           1    wreg     unsigned char 
  delayMs         2    0[COMMON] unsigned int 
 Auto vars:     Size  Location     Type
  times           1    4[COMMON] unsigned char 
  loop            2    5[COMMON] unsigned int 
 Return value:  Size  Location     Type
		None               void
 Registers used:
		wreg, status,2, status,0
 Tracked objects:
		On entry : 
		On exit  : 
		Unchanged: 
 Data sizes:     COMMON   BANK0   BANK1   BANK3   BANK2
      Params:         2       0       0       0       0
      Locals:         3       0       0       0       0
      Temps:          2       0       0       0       0
      Totals:         7       0       0       0       0
Total ram usage:        7 bytes
 Hardware stack levels used:    1
 This function calls:
		Nothing
 This function is called by:
		_main
 This function uses a non-reentrant model


 *************** function _motor *****************
 Defined at:
		line 134 in file "main.c"
 Parameters:    Size  Location     Type
  speedLM         1    wreg     char 
  speedRM         1   10[BANK0 ] char 
 Auto vars:     Size  Location     Type
  speedLM         1   14[BANK0 ] char 
  speed           1   15[BANK0 ] unsigned char 
  maxSpeed        1   13[BANK0 ] unsigned char 
 Return value:  Size  Location     Type
		None               void
 Registers used:
		wreg, status,2, status,0, pclath, cstack
 Tracked objects:
		On entry : 
		On exit  : 
		Unchanged: 
 Data sizes:     COMMON   BANK0   BANK1   BANK3   BANK2
      Params:         0       1       0       0       0
      Locals:         0       3       0       0       0
      Temps:          0       2       0       0       0
      Totals:         0       6       0       0       0
Total ram usage:        6 bytes
 Hardware stack levels used:    1
 Hardware stack levels required when called:    2
 This function calls:
		___bmul
		_setPwmRC1
		_setPwmRC2
 This function is called by:
		_main
 This function uses a non-reentrant model


 *************** function _setPwmRC1 *****************
 Defined at:
		line 10 in file "pwm.h"
 Parameters:    Size  Location     Type
  freq            2    6[BANK0 ] int 
  duty            2    8[BANK0 ] int 
 Auto vars:     Size  Location     Type
  a               2   12[COMMON] int 
 Return value:  Size  Location     Type
		None               void
 Registers used:
		wreg, status,2, status,0, pclath, cstack
 Tracked objects:
		On entry : 
		On exit  : 
		Unchanged: 
 Data sizes:     COMMON   BANK0   BANK1   BANK3   BANK2
      Params:         0       4       0       0       0
      Locals:         2       0       0       0       0
      Temps:          1       0       0       0       0
      Totals:         3       4       0       0       0
Total ram usage:        7 bytes
 Hardware stack levels used:    1
 Hardware stack levels required when called:    1
 This function calls:
		___aldiv
		___wmul
		___awdiv
 This function is called by:
		_motor
 This function uses a non-reentrant model


 *************** function _setPwmRC2 *****************
 Defined at:
		line 21 in file "pwm.h"
 Parameters:    Size  Location     Type
  freq            2    6[BANK0 ] int 
  duty            2    8[BANK0 ] int 
 Auto vars:     Size  Location     Type
  a               2   12[COMMON] int 
 Return value:  Size  Location     Type
		None               void
 Registers used:
		wreg, status,2, status,0, pclath, cstack
 Tracked objects:
		On entry : 
		On exit  : 
		Unchanged: 
 Data sizes:     COMMON   BANK0   BANK1   BANK3   BANK2
      Params:         0       4       0       0       0
      Locals:         2       0       0       0       0
      Temps:          1       0       0       0       0
      Totals:         3       4       0       0       0
Total ram usage:        7 bytes
 Hardware stack levels used:    1
 Hardware stack levels required when called:    1
 This function calls:
		___aldiv
		___wmul
		___awdiv
 This function is called by:
		_motor
 This function uses a non-reentrant model


 *************** function ___bmul *****************
 Defined at:
		line 3 in file "D:\Program Files\Microchip\xc8\v1.12\sources\bmul.c"
 Parameters:    Size  Location     Type
  multiplier      1    wreg     unsigned char 
  multiplicand    1    0[COMMON] unsigned char 
 Auto vars:     Size  Location     Type
  multiplier      1    3[COMMON] unsigned char 
  product         1    2[COMMON] unsigned char 
 Return value:  Size  Location     Type
                  1    wreg      unsigned char 
 Registers used:
		wreg, status,2, status,0
 Tracked objects:
		On entry : 
		On exit  : 
		Unchanged: 
 Data sizes:     COMMON   BANK0   BANK1   BANK3   BANK2
      Params:         1       0       0       0       0
      Locals:         2       0       0       0       0
      Temps:          1       0       0       0       0
      Totals:         4       0       0       0       0
Total ram usage:        4 bytes
 Hardware stack levels used:    1
 This function calls:
		Nothing
 This function is called by:
		_motor
 This function uses a non-reentrant model


 *************** function ___wmul *****************
 Defined at:
		line 3 in file "D:\Program Files\Microchip\xc8\v1.12\sources\wmul.c"
 Parameters:    Size  Location     Type
  multiplier      2    0[COMMON] unsigned int 
  multiplicand    2    2[COMMON] unsigned int 
 Auto vars:     Size  Location     Type
  product         2    4[COMMON] unsigned int 
 Return value:  Size  Location     Type
                  2    0[COMMON] unsigned int 
 Registers used:
		wreg, status,2, status,0
 Tracked objects:
		On entry : 
		On exit  : 
		Unchanged: 
 Data sizes:     COMMON   BANK0   BANK1   BANK3   BANK2
      Params:         4       0       0       0       0
      Locals:         2       0       0       0       0
      Temps:          0       0       0       0       0
      Totals:         6       0       0       0       0
Total ram usage:        6 bytes
 Hardware stack levels used:    1
 This function calls:
		Nothing
 This function is called by:
		_setPwmRC1
		_setPwmRC2
 This function uses a non-reentrant model


 *************** function ___lwdiv *****************
 Defined at:
		line 5 in file "D:\Program Files\Microchip\xc8\v1.12\sources\lwdiv.c"
 Parameters:    Size  Location     Type
  divisor         2    0[COMMON] unsigned int 
  dividend        2    2[COMMON] unsigned int 
 Auto vars:     Size  Location     Type
  quotient        2    5[COMMON] unsigned int 
  counter         1    7[COMMON] unsigned char 
 Return value:  Size  Location     Type
                  2    0[COMMON] unsigned int 
 Registers used:
		wreg, status,2, status,0
 Tracked objects:
		On entry : 
		On exit  : 
		Unchanged: 
 Data sizes:     COMMON   BANK0   BANK1   BANK3   BANK2
      Params:         4       0       0       0       0
      Locals:         3       0       0       0       0
      Temps:          1       0       0       0       0
      Totals:         8       0       0       0       0
Total ram usage:        8 bytes
 Hardware stack levels used:    1
 This function calls:
		Nothing
 This function is called by:
		_uartNumber
 This function uses a non-reentrant model


 *************** function ___lwmod *****************
 Defined at:
		line 5 in file "D:\Program Files\Microchip\xc8\v1.12\sources\lwmod.c"
 Parameters:    Size  Location     Type
  divisor         2    0[COMMON] unsigned int 
  dividend        2    2[COMMON] unsigned int 
 Auto vars:     Size  Location     Type
  counter         1    5[COMMON] unsigned char 
 Return value:  Size  Location     Type
                  2    0[COMMON] unsigned int 
 Registers used:
		wreg, status,2, status,0
 Tracked objects:
		On entry : 
		On exit  : 
		Unchanged: 
 Data sizes:     COMMON   BANK0   BANK1   BANK3   BANK2
      Params:         4       0       0       0       0
      Locals:         1       0       0       0       0
      Temps:          1       0       0       0       0
      Totals:         6       0       0       0       0
Total ram usage:        6 bytes
 Hardware stack levels used:    1
 This function calls:
		Nothing
 This function is called by:
		_uartNumber
 This function uses a non-reentrant model


 *************** function ___ftadd *****************
 Defined at:
		line 87 in file "D:\Program Files\Microchip\xc8\v1.12\sources\ftadd.c"
 Parameters:    Size  Location     Type
  f1              3   30[BANK0 ] float 
  f2              3   33[BANK0 ] float 
 Auto vars:     Size  Location     Type
  exp1            1   42[BANK0 ] unsigned char 
  exp2            1   41[BANK0 ] unsigned char 
  sign            1   40[BANK0 ] unsigned char 
 Return value:  Size  Location     Type
                  3   30[BANK0 ] float 
 Registers used:
		wreg, status,2, status,0, pclath, cstack
 Tracked objects:
		On entry : 
		On exit  : 
		Unchanged: 
 Data sizes:     COMMON   BANK0   BANK1   BANK3   BANK2
      Params:         0       6       0       0       0
      Locals:         0       3       0       0       0
      Temps:          0       4       0       0       0
      Totals:         0      13       0       0       0
Total ram usage:       13 bytes
 Hardware stack levels used:    1
 Hardware stack levels required when called:    1
 This function calls:
		___ftpack
 This function is called by:
		_uartInit
 This function uses a non-reentrant model


 *************** function ___ftdiv *****************
 Defined at:
		line 50 in file "D:\Program Files\Microchip\xc8\v1.12\sources\ftdiv.c"
 Parameters:    Size  Location     Type
  f2              3   14[BANK0 ] float 
  f1              3   17[BANK0 ] float 
 Auto vars:     Size  Location     Type
  f3              3   25[BANK0 ] float 
  sign            1   29[BANK0 ] unsigned char 
  exp             1   28[BANK0 ] unsigned char 
  cntr            1   24[BANK0 ] unsigned char 
 Return value:  Size  Location     Type
                  3   14[BANK0 ] float 
 Registers used:
		wreg, status,2, status,0, pclath, cstack
 Tracked objects:
		On entry : 
		On exit  : 
		Unchanged: 
 Data sizes:     COMMON   BANK0   BANK1   BANK3   BANK2
      Params:         0       6       0       0       0
      Locals:         0       6       0       0       0
      Temps:          0       4       0       0       0
      Totals:         0      16       0       0       0
Total ram usage:       16 bytes
 Hardware stack levels used:    1
 Hardware stack levels required when called:    1
 This function calls:
		___ftpack
 This function is called by:
		_uartInit
 This function uses a non-reentrant model


 *************** function ___fttol *****************
 Defined at:
		line 45 in file "D:\Program Files\Microchip\xc8\v1.12\sources\fttol.c"
 Parameters:    Size  Location     Type
  f1              3    8[COMMON] float 
 Auto vars:     Size  Location     Type
  lval            4    5[BANK0 ] unsigned long 
  exp1            1    9[BANK0 ] unsigned char 
  sign1           1    4[BANK0 ] unsigned char 
 Return value:  Size  Location     Type
                  4    8[COMMON] long 
 Registers used:
		wreg, status,2, status,0
 Tracked objects:
		On entry : 
		On exit  : 
		Unchanged: 
 Data sizes:     COMMON   BANK0   BANK1   BANK3   BANK2
      Params:         4       0       0       0       0
      Locals:         0       6       0       0       0
      Temps:          0       4       0       0       0
      Totals:         4      10       0       0       0
Total ram usage:       14 bytes
 Hardware stack levels used:    1
 This function calls:
		Nothing
 This function is called by:
		_uartInit
 This function uses a non-reentrant model


 *************** function ___awdiv *****************
 Defined at:
		line 5 in file "D:\Program Files\Microchip\xc8\v1.12\sources\awdiv.c"
 Parameters:    Size  Location     Type
  divisor         2    6[COMMON] int 
  dividend        2    8[COMMON] int 
 Auto vars:     Size  Location     Type
  quotient        2    2[BANK0 ] int 
  sign            1    1[BANK0 ] unsigned char 
  counter         1    0[BANK0 ] unsigned char 
 Return value:  Size  Location     Type
                  2    6[COMMON] int 
 Registers used:
		wreg, status,2, status,0
 Tracked objects:
		On entry : 
		On exit  : 
		Unchanged: 
 Data sizes:     COMMON   BANK0   BANK1   BANK3   BANK2
      Params:         4       0       0       0       0
      Locals:         0       4       0       0       0
      Temps:          1       0       0       0       0
      Totals:         5       4       0       0       0
Total ram usage:        9 bytes
 Hardware stack levels used:    1
 This function calls:
		Nothing
 This function is called by:
		_setPwmRC1
		_setPwmRC2
 This function uses a non-reentrant model


 *************** function ___aldiv *****************
 Defined at:
		line 5 in file "D:\Program Files\Microchip\xc8\v1.12\sources\aldiv.c"
 Parameters:    Size  Location     Type
  divisor         4    0[COMMON] long 
  dividend        4    4[COMMON] long 
 Auto vars:     Size  Location     Type
  quotient        4    2[BANK0 ] long 
  sign            1    1[BANK0 ] unsigned char 
  counter         1    0[BANK0 ] unsigned char 
 Return value:  Size  Location     Type
                  4    0[COMMON] long 
 Registers used:
		wreg, status,2, status,0
 Tracked objects:
		On entry : 
		On exit  : 
		Unchanged: 
 Data sizes:     COMMON   BANK0   BANK1   BANK3   BANK2
      Params:         8       0       0       0       0
      Locals:         0       6       0       0       0
      Temps:          1       0       0       0       0
      Totals:         9       6       0       0       0
Total ram usage:       15 bytes
 Hardware stack levels used:    1
 This function calls:
		Nothing
 This function is called by:
		_setPwmRC1
		_setPwmRC2
 This function uses a non-reentrant model


 *************** function ___lltoft *****************
 Defined at:
		line 36 in file "D:\Program Files\Microchip\xc8\v1.12\sources\lltoft.c"
 Parameters:    Size  Location     Type
  c               4   10[BANK0 ] unsigned long 
 Auto vars:     Size  Location     Type
  exp             1   13[COMMON] unsigned char 
 Return value:  Size  Location     Type
                  3   10[BANK0 ] float 
 Registers used:
		wreg, status,2, status,0, pclath, cstack
 Tracked objects:
		On entry : 
		On exit  : 
		Unchanged: 
 Data sizes:     COMMON   BANK0   BANK1   BANK3   BANK2
      Params:         0       4       0       0       0
      Locals:         1       0       0       0       0
      Temps:          1       0       0       0       0
      Totals:         2       4       0       0       0
Total ram usage:        6 bytes
 Hardware stack levels used:    1
 Hardware stack levels required when called:    1
 This function calls:
		___ftpack
 This function is called by:
		_uartInit
 This function uses a non-reentrant model


 *************** function ___ftpack *****************
 Defined at:
		line 63 in file "D:\Program Files\Microchip\xc8\v1.12\sources\float.c"
 Parameters:    Size  Location     Type
  arg             3    0[COMMON] unsigned um
  exp             1    3[COMMON] unsigned char 
  sign            1    4[COMMON] unsigned char 
 Auto vars:     Size  Location     Type
		None
 Return value:  Size  Location     Type
                  3    0[COMMON] float 
 Registers used:
		wreg, status,2, status,0
 Tracked objects:
		On entry : 
		On exit  : 
		Unchanged: 
 Data sizes:     COMMON   BANK0   BANK1   BANK3   BANK2
      Params:         5       0       0       0       0
      Locals:         0       0       0       0       0
      Temps:          3       0       0       0       0
      Totals:         8       0       0       0       0
Total ram usage:        8 bytes
 Hardware stack levels used:    1
 This function calls:
		Nothing
 This function is called by:
		___ftadd
		___ftdiv
		___lltoft
 This function uses a non-reentrant model



MODULE INFORMATION

Module		Function		Class		Link	Load	Size
uart.h
		_uartPutstr    		CODE           	0092	0000	33
		_uartReceive   		CODE           	0CB5	0000	18
		_uartTransmit  		CODE           	0CA9	0000	12
		_uartInit      		CODE           	0403	0000	246
		_uartNumber    		CODE           	00B3	0000	155

uart.h estimated size: 464

pwm.h
		_setPwmRC1     		CODE           	0EA6	0000	107
		_setPwmRC2     		CODE           	0E3B	0000	107

pwm.h estimated size: 214

D:\Program Files\Microchip\xc8\v1.12\sources\aldiv.c
		___aldiv       		CODE           	01F0	0000	165

D:\Program Files\Microchip\xc8\v1.12\sources\aldiv.c estimated size: 165

D:\Program Files\Microchip\xc8\v1.12\sources\ftdiv.c
		___ftdiv       		CODE           	033B	0000	200

D:\Program Files\Microchip\xc8\v1.12\sources\ftdiv.c estimated size: 200

shared
		__stringtab    		STRING         	0003	0000	6
		__stringdata   		STRING         	0009	0000	136
		__initializatio		CODE           	0CA5	0000	0

shared estimated size: 142

D:\Program Files\Microchip\xc8\v1.12\sources\lltoft.c
		___lltoft      		CODE           	0D23	0000	56

D:\Program Files\Microchip\xc8\v1.12\sources\lltoft.c estimated size: 56

D:\Program Files\Microchip\xc8\v1.12\sources\fttol.c
		___fttol       		CODE           	0295	0000	166

D:\Program Files\Microchip\xc8\v1.12\sources\fttol.c estimated size: 166

main.c
		_beep          		CODE           	0DEB	0000	80
		_main          		CODE           	063E	0000	450
		_motor         		CODE           	014E	0000	162
		_picInit       		CODE           	0CDF	0000	26

main.c estimated size: 718

D:\Program Files\Microchip\xc8\v1.12\sources\wmul.c
		___wmul        		CODE           	0CF9	0000	42

D:\Program Files\Microchip\xc8\v1.12\sources\wmul.c estimated size: 42

D:\Program Files\Microchip\xc8\v1.12\sources\lwmod.c
		___lwmod       		CODE           	0D5B	0000	67

D:\Program Files\Microchip\xc8\v1.12\sources\lwmod.c estimated size: 67

D:\Program Files\Microchip\xc8\v1.12\sources\awdiv.c
		___awdiv       		CODE           	0F11	0000	116

D:\Program Files\Microchip\xc8\v1.12\sources\awdiv.c estimated size: 116

D:\Program Files\Microchip\xc8\v1.12\sources\ftadd.c
		___ftadd       		CODE           	04F9	0000	325

D:\Program Files\Microchip\xc8\v1.12\sources\ftadd.c estimated size: 325

D:\Program Files\Microchip\xc8\v1.12\sources\lwdiv.c
		___lwdiv       		CODE           	0D9E	0000	77

D:\Program Files\Microchip\xc8\v1.12\sources\lwdiv.c estimated size: 77

D:\Program Files\Microchip\xc8\v1.12\sources\float.c
		___ftpack      		CODE           	0F85	0000	123

D:\Program Files\Microchip\xc8\v1.12\sources\float.c estimated size: 123

D:\Program Files\Microchip\xc8\v1.12\sources\bmul.c
		___bmul        		CODE           	0CC7	0000	24

D:\Program Files\Microchip\xc8\v1.12\sources\bmul.c estimated size: 24

