Microchip MPLAB XC8 Compiler V1.32 ()

Linker command line:

--edf=D:\Program Files\Microchip\xc8\v1.32\dat\en_msgs.txt -cs \
  -h+dist/default/production\MC40AXbeeWiFi.X.production.sym \
  --cmf=dist/default/production\MC40AXbeeWiFi.X.production.cmf -z -Q16F887 \
  -oC:\Users\User\AppData\Local\Temp\s5dg.6 \
  -Mdist/default/production/MC40AXbeeWiFi.X.production.map -E1 -ver=XC8 \
  -ASTACK=0110h-016fh -pstack=STACK -ACONST=00h-0FFhx32 -ACODE=00h-07FFhx4 \
  -ASTRCODE=00h-01FFFh -AENTRY=00h-0FFhx32 -ASTRING=00h-0FFhx32 \
  -ACOMMON=070h-07Fh -ABANK0=020h-06Fh -ABANK1=0A0h-0EFh \
  -ABANK2=0110h-016Fh -ABANK3=0190h-01EFh \
  -ARAM=020h-06Fh,0A0h-0EFh,0110h-016Fh,0190h-01EFh \
  -AABS1=020h-07Fh,0A0h-0EFh,0110h-016Fh,0190h-01EFh -ASFR0=00h-01Fh \
  -ASFR1=080h-09Fh -ASFR2=0100h-010Fh -ASFR3=0180h-018Fh \
  -preset_vec=00h,intentry,init,end_init -ppowerup=CODE -pcinit=CODE \
  -pfunctab=CODE -ACONFIG=02007h-02008h -pconfig=CONFIG -DCONFIG=2 \
  -AIDLOC=02000h-02003h -pidloc=IDLOC -DIDLOC=2 -AEEDATA=00h-0FFh/02100h \
  -peeprom_data=EEDATA -DEEDATA=2 -DCODE=2 -DSTRCODE=2 -DSTRING=2 -DCONST=2 \
  -DENTRY=2 -k C:\Users\User\AppData\Local\Temp\s5dg.obj \
  dist/default/production\MC40AXbeeWiFi.X.production.obj 

Object code version is 3.11

Machine type is 16F887



                Name                               Link     Load   Length Selector   Space Scale
C:\Users\User\AppData\Local\Temp\s5dg.obj
                end_init                              0        0        3        0       0
                config                             2007     2007        1     400E       0
dist/default/production\MC40AXbeeWiFi.X.production.obj
                cinit                               7FC      7FC        4      FF8       0
                text20                               67       67       41       CE       0
                text19                              EB8      EB8       1A     1D70       0
                text18                              F6A      F6A       39     1ED4       0
                text17                               A8       A8       61      150       0
                text16                              F3C      F3C       2E     1E78       0
                text15                              EA7      EA7       11     1D4E       0
                text14                              355      355       8F      6AA       0
                text13                              FA3      FA3       5D     1F46       0
                text12                              EEE      EEE       23     1DDC       0
                text11                              171      171       6B      2E2       0
                text10                              1DC      1DC       6B      3B8       0
                text9                               247      247       80      48E       0
                text8                               ED2      ED2       1C     1DA4       0
                text7                               109      109       68      212       0
                text6                               58C      58C      109      B18       0
                text5                               3E4      3E4       B8      7C8       0
                text4                               2C7      2C7       8E      58E       0
                text3                               F11      F11       2B     1E22       0
                text2                               49C      49C       F0      938       0
                text1                               E9D      E9D        A     1D3A       0
                maintext                            695      695      167      D2A       0
                cstackBANK0                          20       20       35       20       1
                cstackCOMMON                         70       70        E       70       1
                strings                               3        3       60        6       0

TOTAL           Name                               Link     Load   Length     Space
        CLASS   STACK          

        CLASS   CONST          

        CLASS   CODE           
                end_init                              0        0        3         0
                cinit                               7FC      7FC        4         0
                text20                               67       67       41         0
                text19                              EB8      EB8       1A         0
                text18                              F6A      F6A       39         0
                text17                               A8       A8       61         0
                text16                              F3C      F3C       2E         0
                text15                              EA7      EA7       11         0
                text14                              355      355       8F         0
                text13                              FA3      FA3       5D         0
                text12                              EEE      EEE       23         0
                text11                              171      171       6B         0
                text10                              1DC      1DC       6B         0
                text9                               247      247       80         0
                text8                               ED2      ED2       1C         0
                text7                               109      109       68         0
                text6                               58C      58C      109         0
                text5                               3E4      3E4       B8         0
                text4                               2C7      2C7       8E         0
                text3                               F11      F11       2B         0
                text2                               49C      49C       F0         0
                text1                               E9D      E9D        A         0
                maintext                            695      695      167         0

        CLASS   STRCODE        

        CLASS   ENTRY          

        CLASS   STRING         
                strings                               3        3       60         0

        CLASS   COMMON         
                cstackCOMMON                         70       70        E         1

        CLASS   BANK0          
                cstackBANK0                          20       20       35         1

        CLASS   BANK1          

        CLASS   BANK2          

        CLASS   BANK3          

        CLASS   RAM            

        CLASS   ABS1           
                abs_s1                               7E       7E        2         1

        CLASS   SFR0           

        CLASS   SFR1           

        CLASS   SFR2           

        CLASS   SFR3           

        CLASS   CONFIG         
                config                             2007     2007        1         0

        CLASS   IDLOC          

        CLASS   EEDATA         



SEGMENTS        Name                           Load    Length   Top    Selector   Space  Class     Delta

                reset_vec                      000000  000003  000003         0       0  CODE        2
                strings                        000003  000060  000063         6       0  STRING      2
                cstackBANK0                    000020  000035  000055        20       1  BANK0       1
                cstackCOMMON                   000070  00000E  00007E        70       1  COMMON      1
                text20                         000067  000041  0000A8        CE       0  CODE        2
                text17                         0000A8  000061  000109       150       0  CODE        2
                text7                          000109  000068  000171       212       0  CODE        2
                text11                         000171  00006B  0001DC       2E2       0  CODE        2
                text10                         0001DC  00006B  000247       3B8       0  CODE        2
                text9                          000247  000080  0002C7       48E       0  CODE        2
                text4                          0002C7  00008E  000355       58E       0  CODE        2
                text14                         000355  00008F  0003E4       6AA       0  CODE        2
                text5                          0003E4  0000B8  00049C       7C8       0  CODE        2
                text2                          00049C  0000F0  00058C       938       0  CODE        2
                text6                          00058C  000109  000695       B18       0  CODE        2
                maintext                       000695  000167  0007FC       D2A       0  CODE        2
                cinit                          0007FC  000004  000800       FF8       0  CODE        2
                text1                          000E9D  00000A  000EA7      1D3A       0  CODE        2
                text15                         000EA7  000011  000EB8      1D4E       0  CODE        2
                text19                         000EB8  00001A  000ED2      1D70       0  CODE        2
                text8                          000ED2  00001C  000EEE      1DA4       0  CODE        2
                text12                         000EEE  000023  000F11      1DDC       0  CODE        2
                text3                          000F11  00002B  000F3C      1E22       0  CODE        2
                text16                         000F3C  00002E  000F6A      1E78       0  CODE        2
                text18                         000F6A  000039  000FA3      1ED4       0  CODE        2
                text13                         000FA3  00005D  001000      1F46       0  CODE        2
                config                         002007  000001  002008      400E       0  CONFIG      2


UNUSED ADDRESS RANGES

        Name                Unused          Largest block    Delta
        BANK0            0055-006F             1B           1
        BANK1            00A0-00EF             50           1
        BANK2            0110-016F             60           1
        BANK3            0190-01EF             60           1
        CODE             0063-0066              4           2
                         0800-0E9C            69D
                         1000-1FFF            800
        CONFIG           2008-2008              1           2
        CONST            0063-0066              4           2
                         0800-0E9C            100
                         1000-1FFF            100
        EEDATA           2100-21FF            100           2
        ENTRY            0063-0066              4           2
                         0800-0E9C            100
                         1000-1FFF            100
        IDLOC            2000-2003              4           2
        RAM              0055-006F             1B           1
                         00A0-00EF             50
                         0110-016F             60
                         0190-01EF             60
        SFR0             0000-001F             20           1
        SFR1             0080-009F             20           1
        SFR2             0100-010F             10           1
        SFR3             0180-018F             10           1
        STACK            0110-016F             60           1
        STRCODE          0063-0066              4           2
                         0800-0E9C            69D
                         1000-1FFF           1000
        STRING           0063-0066              4           2
                         0800-0E9C            100
                         1000-1FFF            100

                                  Symbol Table

?___aldiv                 cstackCOMMON 0070
?___awdiv                 cstackCOMMON 0076
?___ftadd                 cstackBANK0  0030
?___ftdiv                 cstackBANK0  0020
?___ftpack                cstackCOMMON 0070
?___fttol                 cstackBANK0  003D
?___lltoft                cstackCOMMON 0078
?___wmul                  cstackCOMMON 0070
_ANSEL                    (abs)        0188
_ANSELH                   (abs)        0189
_BRGH                     (abs)        04C2
_CCP1CON                  (abs)        0017
_CCP2CON                  (abs)        001D
_CCPR1L                   (abs)        0015
_CCPR2L                   (abs)        001B
_CREN                     (abs)        00C4
_IRCF0                    (abs)        047C
_IRCF1                    (abs)        047D
_IRCF2                    (abs)        047E
_OERR                     (abs)        00C1
_PORTA                    (abs)        0005
_PORTB                    (abs)        0006
_PORTC                    (abs)        0007
_PORTD                    (abs)        0008
_PORTE                    (abs)        0009
_PR2                      (abs)        0092
_RB2                      (abs)        0032
_RB3                      (abs)        0033
_RB4                      (abs)        0034
_RB5                      (abs)        0035
_RB6                      (abs)        0036
_RB7                      (abs)        0037
_RCIF                     (abs)        0065
_RCREG                    (abs)        001A
_RE2                      (abs)        004A
_RX9                      (abs)        00C6
_SPBRG                    (abs)        0099
_SPEN                     (abs)        00C7
_T2CON                    (abs)        0012
_TRISA                    (abs)        0085
_TRISB                    (abs)        0086
_TRISC                    (abs)        0087
_TRISD                    (abs)        0088
_TRISE                    (abs)        0089
_TX9                      (abs)        04C6
_TXEN                     (abs)        04C5
_TXIF                     (abs)        0064
_TXREG                    (abs)        0019
__CFG_BOREN$OFF           (abs)        0000
__CFG_CP$OFF              (abs)        0000
__CFG_CPD$OFF             (abs)        0000
__CFG_FCMEN$OFF           (abs)        0000
__CFG_FOSC$INTRC_NOCLKOUT (abs)        0000
__CFG_IESO$OFF            (abs)        0000
__CFG_LVP$OFF             (abs)        0000
__CFG_MCLRE$ON            (abs)        0000
__CFG_PWRTE$ON            (abs)        0000
__CFG_WDTE$OFF            (abs)        0000
__Habs1                   abs1         0000
__Hbank0                  bank0        0000
__Hbank1                  bank1        0000
__Hbank2                  bank2        0000
__Hbank3                  bank3        0000
__Hcinit                  cinit        0800
__Hclrtext                clrtext      0000
__Hcode                   code         0000
__Hcommon                 common       0000
__Hconfig                 config       2008
__HcstackBANK0            cstackBANK0  0000
__HcstackCOMMON           cstackCOMMON 0000
__Heeprom_data            eeprom_data  0000
__Hend_init               end_init     0003
__Hfunctab                functab      0000
__Hidloc                  idloc        0000
__Hinit                   init         0000
__Hintentry               intentry     0000
__Hmaintext               maintext     0000
__Hpowerup                powerup      0000
__Hram                    ram          0000
__Hreset_vec              reset_vec    0000
__Hsfr0                   sfr0         0000
__Hsfr1                   sfr1         0000
__Hsfr2                   sfr2         0000
__Hsfr3                   sfr3         0000
__Hspace_0                (abs)        2008
__Hspace_1                (abs)        007E
__Hspace_2                (abs)        0000
__Hspace_3                (abs)        0000
__Hstack                  stack        0000
__Hstrings                strings      0000
__Htext                   text         0000
__Labs1                   abs1         0000
__Lbank0                  bank0        0000
__Lbank1                  bank1        0000
__Lbank2                  bank2        0000
__Lbank3                  bank3        0000
__Lcinit                  cinit        07FC
__Lclrtext                clrtext      0000
__Lcode                   code         0000
__Lcommon                 common       0000
__Lconfig                 config       2007
__LcstackBANK0            cstackBANK0  0000
__LcstackCOMMON           cstackCOMMON 0000
__Leeprom_data            eeprom_data  0000
__Lend_init               end_init     0000
__Lfunctab                functab      0000
__Lidloc                  idloc        0000
__Linit                   init         0000
__Lintentry               intentry     0000
__Lmaintext               maintext     0000
__Lpowerup                powerup      0000
__Lram                    ram          0000
__Lreset_vec              reset_vec    0000
__Lsfr0                   sfr0         0000
__Lsfr1                   sfr1         0000
__Lsfr2                   sfr2         0000
__Lsfr3                   sfr3         0000
__Lspace_0                (abs)        0000
__Lspace_1                (abs)        0000
__Lspace_2                (abs)        0000
__Lspace_3                (abs)        0000
__Lstack                  stack        0000
__Lstrings                strings      0000
__Ltext                   text         0000
__S0                      (abs)        2008
__S1                      (abs)        007E
__S2                      (abs)        0000
__S3                      (abs)        0000
___aldiv                  text14       0355
___aldiv@counter          cstackBANK0  0020
___aldiv@dividend         cstackCOMMON 0074
___aldiv@divisor          cstackCOMMON 0070
___aldiv@quotient         cstackBANK0  0022
___aldiv@sign             cstackBANK0  0021
___awdiv                  text13       0FA3
___awdiv@counter          cstackBANK0  0020
___awdiv@dividend         cstackCOMMON 0078
___awdiv@divisor          cstackCOMMON 0076
___awdiv@quotient         cstackBANK0  0022
___awdiv@sign             cstackBANK0  0021
___bmul                   text15       0EA7
___bmul@multiplicand      cstackCOMMON 0070
___bmul@multiplier        cstackCOMMON 0073
___bmul@product           cstackCOMMON 0072
___ftadd                  text6        058C
___ftadd@exp1             cstackBANK0  003C
___ftadd@exp2             cstackBANK0  003B
___ftadd@f1               cstackBANK0  0030
___ftadd@f2               cstackBANK0  0033
___ftadd@sign             cstackBANK0  003A
___ftdiv                  text5        03E4
___ftdiv@cntr             cstackBANK0  002A
___ftdiv@exp              cstackBANK0  002E
___ftdiv@f1               cstackBANK0  0023
___ftdiv@f2               cstackBANK0  0020
___ftdiv@f3               cstackBANK0  002B
___ftdiv@sign             cstackBANK0  002F
___ftpack                 text7        0109
___ftpack@arg             cstackCOMMON 0070
___ftpack@exp             cstackCOMMON 0073
___ftpack@sign            cstackCOMMON 0074
___fttol                  text4        02C7
___fttol@exp1             cstackBANK0  004A
___fttol@f1               cstackBANK0  003D
___fttol@lval             cstackBANK0  0046
___fttol@sign1            cstackBANK0  0045
___int_sp                 stack        0000
___latbits                (abs)        0002
___lltoft                 text3        0F11
___lltoft@c               cstackCOMMON 0078
___lltoft@exp             cstackCOMMON 007D
___sp                     stack        0000
___wmul                   text12       0EEE
___wmul@multiplicand      cstackCOMMON 0072
___wmul@multiplier        cstackCOMMON 0070
___wmul@product           cstackCOMMON 0074
__end_of___aldiv          text14       03E4
__end_of___awdiv          text13       1000
__end_of___bmul           text15       0EB8
__end_of___ftadd          text6        0695
__end_of___ftdiv          text5        049C
__end_of___ftpack         text7        0171
__end_of___fttol          text4        0355
__end_of___lltoft         text3        0F3C
__end_of___wmul           text12       0F11
__end_of__initialization  cinit        07FC
__end_of__stringdata      strings      0063
__end_of__stringtab       strings      0009
__end_of_beep             text20       00A8
__end_of_lcdGoto          text18       0FA3
__end_of_lcdInit          text17       0109
__end_of_lcdPutstr        text16       0F6A
__end_of_lcdWrite         text19       0ED2
__end_of_main             maintext     07FC
__end_of_motor            text9        02C7
__end_of_picInit          text8        0EEE
__end_of_setPwmRC1        text11       01DC
__end_of_setPwmRC2        text10       0247
__end_of_uartInit         text2        058C
__end_of_uartReceive      text1        0EA7
__initialization          cinit        07FC
__pcstackBANK0            cstackBANK0  0020
__pcstackCOMMON           cstackCOMMON 0070
__pmaintext               maintext     0695
__pstrings                strings      0003
__ptext1                  text1        0E9D
__ptext10                 text10       01DC
__ptext11                 text11       0171
__ptext12                 text12       0EEE
__ptext13                 text13       0FA3
__ptext14                 text14       0355
__ptext15                 text15       0EA7
__ptext16                 text16       0F3C
__ptext17                 text17       00A8
__ptext18                 text18       0F6A
__ptext19                 text19       0EB8
__ptext2                  text2        049C
__ptext20                 text20       0067
__ptext3                  text3        0F11
__ptext4                  text4        02C7
__ptext5                  text5        03E4
__ptext6                  text6        058C
__ptext7                  text7        0109
__ptext8                  text8        0ED2
__ptext9                  text9        0247
__size_of___aldiv         (abs)        0000
__size_of___awdiv         (abs)        0000
__size_of___bmul          (abs)        0000
__size_of___ftadd         (abs)        0000
__size_of___ftdiv         (abs)        0000
__size_of___ftpack        (abs)        0000
__size_of___fttol         (abs)        0000
__size_of___lltoft        (abs)        0000
__size_of___wmul          (abs)        0000
__size_of_beep            (abs)        0000
__size_of_lcdGoto         (abs)        0000
__size_of_lcdInit         (abs)        0000
__size_of_lcdPutstr       (abs)        0000
__size_of_lcdWrite        (abs)        0000
__size_of_main            (abs)        0000
__size_of_motor           (abs)        0000
__size_of_picInit         (abs)        0000
__size_of_setPwmRC1       (abs)        0000
__size_of_setPwmRC2       (abs)        0000
__size_of_uartInit        (abs)        0000
__size_of_uartReceive     (abs)        0000
__stringbase              strings      0008
__stringdata              strings      0009
__stringtab               strings      0003
_beep                     text20       0067
_lcdGoto                  text18       0F6A
_lcdInit                  text17       00A8
_lcdPutstr                text16       0F3C
_lcdWrite                 text19       0EB8
_main                     maintext     0695
_motor                    text9        0247
_picInit                  text8        0ED2
_setPwmRC1                text11       0171
_setPwmRC2                text10       01DC
_uartInit                 text2        049C
_uartInit$562             cstackBANK0  004F
_uartReceive              text1        0E9D
beep@delayMs              cstackCOMMON 0070
beep@loop                 cstackCOMMON 0075
beep@times                cstackCOMMON 0074
btemp                     (abs)        007E
end_of_initialization     cinit        07FC
intlevel0                 functab      0000
intlevel1                 functab      0000
intlevel2                 functab      0000
intlevel3                 functab      0000
intlevel4                 functab      0000
intlevel5                 functab      0000
lcdGoto@col               cstackCOMMON 0073
lcdGoto@row               cstackCOMMON 0075
lcdPutstr@s               cstackCOMMON 0074
lcdWrite@data             cstackCOMMON 0070
lcdWrite@rs               cstackCOMMON 0072
ltemp                     (abs)        007E
ltemp0                    (abs)        007E
ltemp1                    (abs)        0082
ltemp2                    (abs)        0086
ltemp3                    (abs)        0080
main@inByte               cstackBANK0  0054
motor@maxSpeed            cstackBANK0  002D
motor@speed               cstackBANK0  002F
motor@speedLM             cstackBANK0  002E
motor@speedRM             cstackBANK0  002A
reset_vec                 reset_vec    0000
setPwmRC1@a               cstackCOMMON 007C
setPwmRC1@duty            cstackBANK0  0028
setPwmRC1@freq            cstackBANK0  0026
setPwmRC2@a               cstackCOMMON 007C
setPwmRC2@duty            cstackBANK0  0028
setPwmRC2@freq            cstackBANK0  0026
stackhi                   (abs)        0000
stacklo                   (abs)        0000
start                     init         0000
start_initialization      cinit        07FC
ttemp                     (abs)        007E
ttemp0                    (abs)        007E
ttemp1                    (abs)        0081
ttemp2                    (abs)        0084
ttemp3                    (abs)        0087
ttemp4                    (abs)        007F
uartInit@baudrate         cstackBANK0  004B
wtemp                     (abs)        007E
wtemp0                    (abs)        007E
wtemp1                    (abs)        0080
wtemp2                    (abs)        0082
wtemp3                    (abs)        0084
wtemp4                    (abs)        0086
wtemp5                    (abs)        0088
wtemp6                    (abs)        007F


FUNCTION INFORMATION:

 *************** function _main *****************
 Defined at:
		line 42 in file "main.c"
 Parameters:    Size  Location     Type
		None
 Auto vars:     Size  Location     Type
  inByte          1   52[BANK0 ] unsigned char 
 Return value:  Size  Location     Type
		None               void
 Registers used:
		wreg, fsr0l, fsr0h, status,2, status,0, pclath, cstack
 Tracked objects:
		On entry : 
		On exit  : 
		Unchanged: 
 Data sizes:     COMMON   BANK0   BANK1   BANK3   BANK2
      Params:         0       0       0       0       0
      Locals:         0       1       0       0       0
      Temps:          0       2       0       0       0
      Totals:         0       3       0       0       0
Total ram usage:        3 bytes
 Hardware stack levels required when called:    3
 This function calls:
		_beep
		_lcdGoto
		_lcdInit
		_lcdPutstr
		_lcdWrite
		_motor
		_picInit
		_uartInit
		_uartReceive
 This function is called by:
		Startup code after reset
 This function uses a non-reentrant model


 *************** function _uartReceive *****************
 Defined at:
		line 50 in file "uart.h"
 Parameters:    Size  Location     Type
		None
 Auto vars:     Size  Location     Type
		None
 Return value:  Size  Location     Type
                  1    wreg      unsigned char 
 Registers used:
		wreg
 Tracked objects:
		On entry : 
		On exit  : 
		Unchanged: 
 Data sizes:     COMMON   BANK0   BANK1   BANK3   BANK2
      Params:         0       0       0       0       0
      Locals:         0       0       0       0       0
      Temps:          0       0       0       0       0
      Totals:         0       0       0       0       0
Total ram usage:        0 bytes
 Hardware stack levels used:    1
 This function calls:
		Nothing
 This function is called by:
		_main
 This function uses a non-reentrant model


 *************** function _uartInit *****************
 Defined at:
		line 19 in file "uart.h"
 Parameters:    Size  Location     Type
  baudrate        4   43[BANK0 ] unsigned long 
 Auto vars:     Size  Location     Type
		None
 Return value:  Size  Location     Type
		None               void
 Registers used:
		wreg, status,2, status,0, pclath, cstack
 Tracked objects:
		On entry : 
		On exit  : 
		Unchanged: 
 Data sizes:     COMMON   BANK0   BANK1   BANK3   BANK2
      Params:         0       4       0       0       0
      Locals:         0       3       0       0       0
      Temps:          0       0       0       0       0
      Totals:         0       7       0       0       0
Total ram usage:        7 bytes
 Hardware stack levels used:    1
 Hardware stack levels required when called:    2
 This function calls:
		___ftadd
		___ftdiv
		___fttol
		___lltoft
 This function is called by:
		_main
 This function uses a non-reentrant model


 *************** function ___lltoft *****************
 Defined at:
		line 35 in file "D:\Program Files\Microchip\xc8\v1.32\sources\common\lltoft.c"
 Parameters:    Size  Location     Type
  c               4    8[COMMON] unsigned long 
 Auto vars:     Size  Location     Type
  exp             1   13[COMMON] unsigned char 
 Return value:  Size  Location     Type
                  3    8[COMMON] float 
 Registers used:
		wreg, status,2, status,0, pclath, cstack
 Tracked objects:
		On entry : 
		On exit  : 
		Unchanged: 
 Data sizes:     COMMON   BANK0   BANK1   BANK3   BANK2
      Params:         4       0       0       0       0
      Locals:         1       0       0       0       0
      Temps:          1       0       0       0       0
      Totals:         6       0       0       0       0
Total ram usage:        6 bytes
 Hardware stack levels used:    1
 Hardware stack levels required when called:    1
 This function calls:
		___ftpack
 This function is called by:
		_uartInit
 This function uses a non-reentrant model


 *************** function ___fttol *****************
 Defined at:
		line 44 in file "D:\Program Files\Microchip\xc8\v1.32\sources\common\fttol.c"
 Parameters:    Size  Location     Type
  f1              3   29[BANK0 ] float 
 Auto vars:     Size  Location     Type
  lval            4   38[BANK0 ] unsigned long 
  exp1            1   42[BANK0 ] unsigned char 
  sign1           1   37[BANK0 ] unsigned char 
 Return value:  Size  Location     Type
                  4   29[BANK0 ] long 
 Registers used:
		wreg, status,2, status,0
 Tracked objects:
		On entry : 
		On exit  : 
		Unchanged: 
 Data sizes:     COMMON   BANK0   BANK1   BANK3   BANK2
      Params:         0       4       0       0       0
      Locals:         0       6       0       0       0
      Temps:          0       4       0       0       0
      Totals:         0      14       0       0       0
Total ram usage:       14 bytes
 Hardware stack levels used:    1
 This function calls:
		Nothing
 This function is called by:
		_uartInit
 This function uses a non-reentrant model


 *************** function ___ftdiv *****************
 Defined at:
		line 49 in file "D:\Program Files\Microchip\xc8\v1.32\sources\pic\ftdiv.c"
 Parameters:    Size  Location     Type
  f2              3    0[BANK0 ] float 
  f1              3    3[BANK0 ] float 
 Auto vars:     Size  Location     Type
  f3              3   11[BANK0 ] float 
  sign            1   15[BANK0 ] unsigned char 
  exp             1   14[BANK0 ] unsigned char 
  cntr            1   10[BANK0 ] unsigned char 
 Return value:  Size  Location     Type
                  3    0[BANK0 ] float 
 Registers used:
		wreg, status,2, status,0, pclath, cstack
 Tracked objects:
		On entry : 
		On exit  : 
		Unchanged: 
 Data sizes:     COMMON   BANK0   BANK1   BANK3   BANK2
      Params:         0       6       0       0       0
      Locals:         0       6       0       0       0
      Temps:          0       4       0       0       0
      Totals:         0      16       0       0       0
Total ram usage:       16 bytes
 Hardware stack levels used:    1
 Hardware stack levels required when called:    1
 This function calls:
		___ftpack
 This function is called by:
		_uartInit
 This function uses a non-reentrant model


 *************** function ___ftadd *****************
 Defined at:
		line 86 in file "D:\Program Files\Microchip\xc8\v1.32\sources\common\ftadd.c"
 Parameters:    Size  Location     Type
  f1              3   16[BANK0 ] float 
  f2              3   19[BANK0 ] float 
 Auto vars:     Size  Location     Type
  exp1            1   28[BANK0 ] unsigned char 
  exp2            1   27[BANK0 ] unsigned char 
  sign            1   26[BANK0 ] unsigned char 
 Return value:  Size  Location     Type
                  3   16[BANK0 ] float 
 Registers used:
		wreg, status,2, status,0, pclath, cstack
 Tracked objects:
		On entry : 
		On exit  : 
		Unchanged: 
 Data sizes:     COMMON   BANK0   BANK1   BANK3   BANK2
      Params:         0       6       0       0       0
      Locals:         0       3       0       0       0
      Temps:          0       4       0       0       0
      Totals:         0      13       0       0       0
Total ram usage:       13 bytes
 Hardware stack levels used:    1
 Hardware stack levels required when called:    1
 This function calls:
		___ftpack
 This function is called by:
		_uartInit
 This function uses a non-reentrant model


 *************** function ___ftpack *****************
 Defined at:
		line 62 in file "D:\Program Files\Microchip\xc8\v1.32\sources\common\float.c"
 Parameters:    Size  Location     Type
  arg             3    0[COMMON] unsigned um
  exp             1    3[COMMON] unsigned char 
  sign            1    4[COMMON] unsigned char 
 Auto vars:     Size  Location     Type
		None
 Return value:  Size  Location     Type
                  3    0[COMMON] float 
 Registers used:
		wreg, status,2, status,0
 Tracked objects:
		On entry : 
		On exit  : 
		Unchanged: 
 Data sizes:     COMMON   BANK0   BANK1   BANK3   BANK2
      Params:         5       0       0       0       0
      Locals:         0       0       0       0       0
      Temps:          3       0       0       0       0
      Totals:         8       0       0       0       0
Total ram usage:        8 bytes
 Hardware stack levels used:    1
 This function calls:
		Nothing
 This function is called by:
		___ftadd
		___ftdiv
		___lltoft
 This function uses a non-reentrant model


 *************** function _picInit *****************
 Defined at:
		line 149 in file "main.c"
 Parameters:    Size  Location     Type
		None
 Auto vars:     Size  Location     Type
		None
 Return value:  Size  Location     Type
		None               void
 Registers used:
		wreg, status,2
 Tracked objects:
		On entry : 
		On exit  : 
		Unchanged: 
 Data sizes:     COMMON   BANK0   BANK1   BANK3   BANK2
      Params:         0       0       0       0       0
      Locals:         0       0       0       0       0
      Temps:          0       0       0       0       0
      Totals:         0       0       0       0       0
Total ram usage:        0 bytes
 Hardware stack levels used:    1
 This function calls:
		Nothing
 This function is called by:
		_main
 This function uses a non-reentrant model


 *************** function _motor *****************
 Defined at:
		line 183 in file "main.c"
 Parameters:    Size  Location     Type
  speedLM         1    wreg     char 
  speedRM         1   10[BANK0 ] char 
 Auto vars:     Size  Location     Type
  speedLM         1   14[BANK0 ] char 
  speed           1   15[BANK0 ] unsigned char 
  maxSpeed        1   13[BANK0 ] unsigned char 
 Return value:  Size  Location     Type
		None               void
 Registers used:
		wreg, status,2, status,0, pclath, cstack
 Tracked objects:
		On entry : 
		On exit  : 
		Unchanged: 
 Data sizes:     COMMON   BANK0   BANK1   BANK3   BANK2
      Params:         0       1       0       0       0
      Locals:         0       3       0       0       0
      Temps:          0       2       0       0       0
      Totals:         0       6       0       0       0
Total ram usage:        6 bytes
 Hardware stack levels used:    1
 Hardware stack levels required when called:    2
 This function calls:
		___bmul
		_setPwmRC1
		_setPwmRC2
 This function is called by:
		_main
 This function uses a non-reentrant model


 *************** function _setPwmRC2 *****************
 Defined at:
		line 23 in file "pwm.h"
 Parameters:    Size  Location     Type
  freq            2    6[BANK0 ] int 
  duty            2    8[BANK0 ] int 
 Auto vars:     Size  Location     Type
  a               2   12[COMMON] int 
 Return value:  Size  Location     Type
		None               void
 Registers used:
		wreg, status,2, status,0, pclath, cstack
 Tracked objects:
		On entry : 
		On exit  : 
		Unchanged: 
 Data sizes:     COMMON   BANK0   BANK1   BANK3   BANK2
      Params:         0       4       0       0       0
      Locals:         2       0       0       0       0
      Temps:          1       0       0       0       0
      Totals:         3       4       0       0       0
Total ram usage:        7 bytes
 Hardware stack levels used:    1
 Hardware stack levels required when called:    1
 This function calls:
		___aldiv
		___awdiv
		___wmul
 This function is called by:
		_motor
 This function uses a non-reentrant model


 *************** function _setPwmRC1 *****************
 Defined at:
		line 12 in file "pwm.h"
 Parameters:    Size  Location     Type
  freq            2    6[BANK0 ] int 
  duty            2    8[BANK0 ] int 
 Auto vars:     Size  Location     Type
  a               2   12[COMMON] int 
 Return value:  Size  Location     Type
		None               void
 Registers used:
		wreg, status,2, status,0, pclath, cstack
 Tracked objects:
		On entry : 
		On exit  : 
		Unchanged: 
 Data sizes:     COMMON   BANK0   BANK1   BANK3   BANK2
      Params:         0       4       0       0       0
      Locals:         2       0       0       0       0
      Temps:          1       0       0       0       0
      Totals:         3       4       0       0       0
Total ram usage:        7 bytes
 Hardware stack levels used:    1
 Hardware stack levels required when called:    1
 This function calls:
		___aldiv
		___awdiv
		___wmul
 This function is called by:
		_motor
 This function uses a non-reentrant model


 *************** function ___wmul *****************
 Defined at:
		line 15 in file "D:\Program Files\Microchip\xc8\v1.32\sources\common\Umul16.c"
 Parameters:    Size  Location     Type
  multiplier      2    0[COMMON] unsigned int 
  multiplicand    2    2[COMMON] unsigned int 
 Auto vars:     Size  Location     Type
  product         2    4[COMMON] unsigned int 
 Return value:  Size  Location     Type
                  2    0[COMMON] unsigned int 
 Registers used:
		wreg, status,2, status,0
 Tracked objects:
		On entry : 
		On exit  : 
		Unchanged: 
 Data sizes:     COMMON   BANK0   BANK1   BANK3   BANK2
      Params:         4       0       0       0       0
      Locals:         2       0       0       0       0
      Temps:          0       0       0       0       0
      Totals:         6       0       0       0       0
Total ram usage:        6 bytes
 Hardware stack levels used:    1
 This function calls:
		Nothing
 This function is called by:
		_setPwmRC1
		_setPwmRC2
 This function uses a non-reentrant model


 *************** function ___awdiv *****************
 Defined at:
		line 6 in file "D:\Program Files\Microchip\xc8\v1.32\sources\common\awdiv.c"
 Parameters:    Size  Location     Type
  divisor         2    6[COMMON] int 
  dividend        2    8[COMMON] int 
 Auto vars:     Size  Location     Type
  quotient        2    2[BANK0 ] int 
  sign            1    1[BANK0 ] unsigned char 
  counter         1    0[BANK0 ] unsigned char 
 Return value:  Size  Location     Type
                  2    6[COMMON] int 
 Registers used:
		wreg, status,2, status,0
 Tracked objects:
		On entry : 
		On exit  : 
		Unchanged: 
 Data sizes:     COMMON   BANK0   BANK1   BANK3   BANK2
      Params:         4       0       0       0       0
      Locals:         0       4       0       0       0
      Temps:          1       0       0       0       0
      Totals:         5       4       0       0       0
Total ram usage:        9 bytes
 Hardware stack levels used:    1
 This function calls:
		Nothing
 This function is called by:
		_setPwmRC1
		_setPwmRC2
 This function uses a non-reentrant model


 *************** function ___aldiv *****************
 Defined at:
		line 6 in file "D:\Program Files\Microchip\xc8\v1.32\sources\common\aldiv.c"
 Parameters:    Size  Location     Type
  divisor         4    0[COMMON] long 
  dividend        4    4[COMMON] long 
 Auto vars:     Size  Location     Type
  quotient        4    2[BANK0 ] long 
  sign            1    1[BANK0 ] unsigned char 
  counter         1    0[BANK0 ] unsigned char 
 Return value:  Size  Location     Type
                  4    0[COMMON] long 
 Registers used:
		wreg, status,2, status,0
 Tracked objects:
		On entry : 
		On exit  : 
		Unchanged: 
 Data sizes:     COMMON   BANK0   BANK1   BANK3   BANK2
      Params:         8       0       0       0       0
      Locals:         0       6       0       0       0
      Temps:          1       0       0       0       0
      Totals:         9       6       0       0       0
Total ram usage:       15 bytes
 Hardware stack levels used:    1
 This function calls:
		Nothing
 This function is called by:
		_setPwmRC1
		_setPwmRC2
 This function uses a non-reentrant model


 *************** function ___bmul *****************
 Defined at:
		line 4 in file "D:\Program Files\Microchip\xc8\v1.32\sources\common\Umul8.c"
 Parameters:    Size  Location     Type
  multiplier      1    wreg     unsigned char 
  multiplicand    1    0[COMMON] unsigned char 
 Auto vars:     Size  Location     Type
  multiplier      1    3[COMMON] unsigned char 
  product         1    2[COMMON] unsigned char 
 Return value:  Size  Location     Type
                  1    wreg      unsigned char 
 Registers used:
		wreg, status,2, status,0
 Tracked objects:
		On entry : 
		On exit  : 
		Unchanged: 
 Data sizes:     COMMON   BANK0   BANK1   BANK3   BANK2
      Params:         1       0       0       0       0
      Locals:         2       0       0       0       0
      Temps:          1       0       0       0       0
      Totals:         4       0       0       0       0
Total ram usage:        4 bytes
 Hardware stack levels used:    1
 This function calls:
		Nothing
 This function is called by:
		_motor
 This function uses a non-reentrant model


 *************** function _lcdPutstr *****************
 Defined at:
		line 71 in file "lcd.h"
 Parameters:    Size  Location     Type
  s               1    wreg     PTR const unsigned char 
		 -> STR_12(9), STR_11(9), STR_10(9), STR_9(9), 
		 -> STR_8(9), STR_7(9), STR_6(9), STR_5(9), 
		 -> STR_4(9), STR_3(9), STR_2(9), STR_1(9), 
 Auto vars:     Size  Location     Type
  s               1    4[COMMON] PTR const unsigned char 
		 -> STR_12(9), STR_11(9), STR_10(9), STR_9(9), 
		 -> STR_8(9), STR_7(9), STR_6(9), STR_5(9), 
		 -> STR_4(9), STR_3(9), STR_2(9), STR_1(9), 
 Return value:  Size  Location     Type
		None               void
 Registers used:
		wreg, fsr0l, fsr0h, status,2, status,0, pclath, cstack
 Tracked objects:
		On entry : 
		On exit  : 
		Unchanged: 
 Data sizes:     COMMON   BANK0   BANK1   BANK3   BANK2
      Params:         0       0       0       0       0
      Locals:         1       0       0       0       0
      Temps:          1       0       0       0       0
      Totals:         2       0       0       0       0
Total ram usage:        2 bytes
 Hardware stack levels used:    1
 Hardware stack levels required when called:    1
 This function calls:
		_lcdWrite
 This function is called by:
		_main
 This function uses a non-reentrant model


 *************** function _lcdInit *****************
 Defined at:
		line 34 in file "lcd.h"
 Parameters:    Size  Location     Type
		None
 Auto vars:     Size  Location     Type
		None
 Return value:  Size  Location     Type
		None               void
 Registers used:
		wreg, status,2, status,0, pclath, cstack
 Tracked objects:
		On entry : 
		On exit  : 
		Unchanged: 
 Data sizes:     COMMON   BANK0   BANK1   BANK3   BANK2
      Params:         0       0       0       0       0
      Locals:         0       0       0       0       0
      Temps:          2       0       0       0       0
      Totals:         2       0       0       0       0
Total ram usage:        2 bytes
 Hardware stack levels used:    1
 Hardware stack levels required when called:    1
 This function calls:
		_lcdWrite
 This function is called by:
		_main
 This function uses a non-reentrant model


 *************** function _lcdGoto *****************
 Defined at:
		line 56 in file "lcd.h"
 Parameters:    Size  Location     Type
  row             1    wreg     unsigned char 
  col             1    3[COMMON] unsigned char 
 Auto vars:     Size  Location     Type
  row             1    5[COMMON] unsigned char 
 Return value:  Size  Location     Type
		None               void
 Registers used:
		wreg, fsr0l, fsr0h, status,2, status,0, pclath, cstack
 Tracked objects:
		On entry : 
		On exit  : 
		Unchanged: 
 Data sizes:     COMMON   BANK0   BANK1   BANK3   BANK2
      Params:         1       0       0       0       0
      Locals:         1       0       0       0       0
      Temps:          1       0       0       0       0
      Totals:         3       0       0       0       0
Total ram usage:        3 bytes
 Hardware stack levels used:    1
 Hardware stack levels required when called:    1
 This function calls:
		_lcdWrite
 This function is called by:
		_main
 This function uses a non-reentrant model


 *************** function _lcdWrite *****************
 Defined at:
		line 48 in file "lcd.h"
 Parameters:    Size  Location     Type
  rs              1    wreg     unsigned char 
  data            1    0[COMMON] unsigned char 
 Auto vars:     Size  Location     Type
  rs              1    2[COMMON] unsigned char 
 Return value:  Size  Location     Type
		None               void
 Registers used:
		wreg
 Tracked objects:
		On entry : 
		On exit  : 
		Unchanged: 
 Data sizes:     COMMON   BANK0   BANK1   BANK3   BANK2
      Params:         1       0       0       0       0
      Locals:         1       0       0       0       0
      Temps:          1       0       0       0       0
      Totals:         3       0       0       0       0
Total ram usage:        3 bytes
 Hardware stack levels used:    1
 This function calls:
		Nothing
 This function is called by:
		_lcdInit
		_lcdGoto
		_lcdPutstr
		_main
		_lcdNumber
 This function uses a non-reentrant model


 *************** function _beep *****************
 Defined at:
		line 171 in file "main.c"
 Parameters:    Size  Location     Type
  times           1    wreg     unsigned char 
  delayMs         2    0[COMMON] unsigned int 
 Auto vars:     Size  Location     Type
  times           1    4[COMMON] unsigned char 
  loop            2    5[COMMON] unsigned int 
 Return value:  Size  Location     Type
		None               void
 Registers used:
		wreg, status,2, status,0
 Tracked objects:
		On entry : 
		On exit  : 
		Unchanged: 
 Data sizes:     COMMON   BANK0   BANK1   BANK3   BANK2
      Params:         2       0       0       0       0
      Locals:         3       0       0       0       0
      Temps:          2       0       0       0       0
      Totals:         7       0       0       0       0
Total ram usage:        7 bytes
 Hardware stack levels used:    1
 This function calls:
		Nothing
 This function is called by:
		_main
 This function uses a non-reentrant model



MODULE INFORMATION

Module		Function		Class		Link	Load	Size
uart.h
		_uartReceive   		CODE           	0E9D	0000	10
		_uartInit      		CODE           	049C	0000	240

uart.h estimated size: 250

D:\Program Files\Microchip\xc8\v1.32\sources\common\lltoft.c
		___lltoft      		CODE           	0F11	0000	43

D:\Program Files\Microchip\xc8\v1.32\sources\common\lltoft.c estimated size: 43

pwm.h
		_setPwmRC1     		CODE           	0171	0000	107
		_setPwmRC2     		CODE           	01DC	0000	107

pwm.h estimated size: 214

D:\Program Files\Microchip\xc8\v1.32\sources\common\fttol.c
		___fttol       		CODE           	02C7	0000	142

D:\Program Files\Microchip\xc8\v1.32\sources\common\fttol.c estimated size: 142

shared
		__stringtab    		STRING         	0003	0000	6
		__stringdata   		STRING         	0009	0000	90
		__initializatio		CODE           	07FC	0000	0

shared estimated size: 96

D:\Program Files\Microchip\xc8\v1.32\sources\common\awdiv.c
		___awdiv       		CODE           	0FA3	0000	93

D:\Program Files\Microchip\xc8\v1.32\sources\common\awdiv.c estimated size: 93

D:\Program Files\Microchip\xc8\v1.32\sources\common\ftadd.c
		___ftadd       		CODE           	058C	0000	265

D:\Program Files\Microchip\xc8\v1.32\sources\common\ftadd.c estimated size: 265

D:\Program Files\Microchip\xc8\v1.32\sources\common\Umul16.c
		___wmul        		CODE           	0EEE	0000	35

D:\Program Files\Microchip\xc8\v1.32\sources\common\Umul16.c estimated size: 35

D:\Program Files\Microchip\xc8\v1.32\sources\common\aldiv.c
		___aldiv       		CODE           	0355	0000	143

D:\Program Files\Microchip\xc8\v1.32\sources\common\aldiv.c estimated size: 143

D:\Program Files\Microchip\xc8\v1.32\sources\common\Umul8.c
		___bmul        		CODE           	0EA7	0000	17

D:\Program Files\Microchip\xc8\v1.32\sources\common\Umul8.c estimated size: 17

lcd.h
		_lcdGoto       		CODE           	0F6A	0000	57
		_lcdWrite      		CODE           	0EB8	0000	26
		_lcdPutstr     		CODE           	0F3C	0000	46
		_lcdInit       		CODE           	00A8	0000	97

lcd.h estimated size: 226

D:\Program Files\Microchip\xc8\v1.32\sources\pic\ftdiv.c
		___ftdiv       		CODE           	03E4	0000	184

D:\Program Files\Microchip\xc8\v1.32\sources\pic\ftdiv.c estimated size: 184

main.c
		_beep          		CODE           	0067	0000	65
		_main          		CODE           	0695	0000	359
		_motor         		CODE           	0247	0000	128
		_picInit       		CODE           	0ED2	0000	28

main.c estimated size: 580

D:\Program Files\Microchip\xc8\v1.32\sources\common\float.c
		___ftpack      		CODE           	0109	0000	104

D:\Program Files\Microchip\xc8\v1.32\sources\common\float.c estimated size: 104

